jqwik2.PropertyValidationTests$Classifiers#classificationWithTwoParameters: classifier ([count1]) =
|--classifier ([count1])--|
  valid length ([count2]) | [percentage1] (>= [percentage2])

jqwik2.PropertyValidationTests$Classifiers#classificationWithTwoParameters (SUCCESSFUL) =
|--result--|
  status | SUCCESSFUL
  # tries | [tries]
  # checks | [checks]

|--parameters--|
  validation | STRICT
  generation | SMART (RANDOMIZED)
  seed | [seed1]
  max tries | 0
  max runtime | PT1S
  shrinking | FULL
  edge cases | MIXIN
  concurrency | SINGLE_THREAD
