cp (FAILED) =
  java.lang.AssertionError:
    failed


|--result--|
  status | FAILED
  failure | java.lang.AssertionError
  # tries | [tries]
  # checks | [checks]

|--parameters--|
  validation | STRICT
  generation | SMART (RANDOMIZED)
  max tries | 100
  max runtime | PT10M
  shrinking | FULL
  edge cases | MIXIN
  concurrency | SINGLE_THREAD
  seed | [seed1]


Original Falsified Sample
-------------------------
  arg-0: -426349905

Smallest Falsified Sample (3 steps)
-----------------------------------
  arg-0: 0
