jqwik2.PropertyValidationTests$Classifiers#classificationAccepted: classifier ([count1]) =
|--classifier ([count1])--|
  positive ([count2]) | [percentage1] (>= [percentage2])
  negative ([count3]) | [percentage3] (>= [percentage2])
  zero ([count4]) | [percentage4]

jqwik2.PropertyValidationTests$Classifiers#classificationAccepted (SUCCESSFUL) =
|--result--|
  status | SUCCESSFUL
  # tries | [tries]
  # checks | [checks]

|--parameters--|
  validation | STRICT
  generation | SMART (RANDOMIZED)
  seed | [seed1]
  max tries | 0
  max runtime | PT1S
  shrinking | FULL
  edge cases | MIXIN
  concurrency | SINGLE_THREAD
